package test

import (
	"fmt"
)

func SprintTwoArgsPctV() string {
	arg := "baz"
	return fmt.Sprint("YOLO: ", arg)
}

func SprintTwoArgsPctS() string {
	arg := "baz"
	return fmt.Sprint("YOLO: ", arg)
}

func SprintThreeArgs() string {
	arg0 := "baz"
	arg1 := "baz"
	return fmt.Sprintf("YOLO: %v and %v", arg0, arg1)
}

func SprintfPctQ() {
	path := "/foo/bar"
	fmt.Println(fmt.Sprintf("Deleting %q", path))
}